2026-09-14T19:35:13.549Z start dry_run=false wait_minutes=10 min_age_days=0 max_files=50 max_bucket_pct=100
2026-09-14T19:36:03.944Z listed 95 objects, 21330730 bytes, 11 buckets
2026-09-14T19:36:06.429Z read 1: 31 candidate orphan(s)
2026-09-14T19:36:06.429Z waiting 10 min before the second read
2026-09-14T19:46:08.994Z orphan proof-photos/d4e482f7…/after-1788574783728-x86qvmaoz6o.png 74 (job gone)
2026-09-14T19:46:08.995Z orphan proof-photos/d4e482f7…/before-1788574770056-x21osnhcia.png 74 (job gone)
2026-09-14T19:46:08.995Z orphan proof-photos/8133a907…/after-1788743309797-rx2851x1lzs.jpg 6185 (job gone)
2026-09-14T19:46:08.995Z orphan proof-photos/8133a907…/before-1788743234028-5jkk428a9o.jpg 6407 (job gone)
2026-09-14T19:46:08.995Z orphan proof-photos/15909d9e…/after-1788546903130-mvwr0dk9ir.png 295858 (job gone)
2026-09-14T19:46:08.995Z orphan proof-photos/15909d9e…/before-1788546864309-fg24e1ekbom.png 295858 (job gone)
2026-09-14T19:46:08.995Z orphan application-attachments/76b07824…/a5eed000…/1787169573274-y83i4hi2nyg.png 1792321 (job gone)
2026-09-14T19:46:08.995Z orphan application-attachments/76b07824…/a5eed000…/1787169581669-wj9ep4k8xsf.png 1792321 (job gone)
2026-09-14T19:46:08.995Z orphan avatars/f53663b1…/avatar.png 79 (user gone)
2026-09-14T19:46:08.995Z orphan avatars/e977a30f…/avatar.jpeg 4127524 (user gone)
2026-09-14T19:46:08.995Z orphan avatars/b2df11f0…/avatar.jpg 957 (user gone)
2026-09-14T19:46:08.995Z orphan avatars/b0f6ebec…/avatar.png 7347 (user gone)
2026-09-14T19:46:08.995Z orphan avatars/a8ea16e3…/avatar.png 70 (user gone)
2026-09-14T19:46:08.995Z orphan avatars/9e364ba6…/avatar.png 1060 (user gone)
2026-09-14T19:46:08.995Z orphan avatars/89794bd2…/avatar.png 252053 (user gone)
2026-09-14T19:46:08.996Z orphan avatars/6b472670…/avatar.png 11521 (user gone)
2026-09-14T19:46:08.996Z orphan avatars/600f3717…/avatar.png 720 (user gone)
2026-09-14T19:46:08.996Z orphan avatars/59fd453f…/avatar.png 1995 (user gone)
2026-09-14T19:46:08.996Z orphan avatars/2b5b6760…/avatar.png 660520 (user gone)
2026-09-14T19:46:08.996Z orphan avatars/22222222…/avatar.png 720 (user gone)
2026-09-14T19:46:08.996Z orphan avatars/0a74b7c7…/avatar.png 660520 (user gone)
2026-09-14T19:46:08.996Z orphan avatars/00b316d7…/avatar.png 186649 (user gone)
2026-09-14T19:46:08.996Z orphan user-documents/b0f6ebec…/credentials/license-1787616796656.png 5471 (user gone)
2026-09-14T19:46:08.996Z orphan user-documents/6bdc1f67…/credentials/insurance-1787664431426.pdf 193 (user gone)
2026-09-14T19:46:08.996Z orphan user-documents/6bdc1f67…/credentials/license-1787664410301.pdf 193 (user gone)
2026-09-14T19:46:08.996Z orphan message-attachments/a22c2df1…/71c56dfb…/3e30e9e2…-attachment.png 88 (unreferenced)
2026-09-14T19:46:08.996Z orphan message-attachments/a1f7c4c9…/96c9899e…/22bb651d…-upload.png 144096 (job gone)
2026-09-14T19:46:08.996Z orphan message-attachments/a1f7c4c9…/96c9899e…/2fd3b34e…-upload.png 144096 (job gone)
2026-09-14T19:46:08.996Z orphan message-attachments/a1f7c4c9…/96c9899e…/a152d29b…-upload.png 144096 (job gone)
2026-09-14T19:46:08.996Z orphan message-attachments/a1f7c4c9…/96c9899e…/da75d016…-upload.png 144096 (job gone)
2026-09-14T19:46:08.996Z orphan message-attachments/a1f7c4c9…/96c9899e…/f187dda5…-upload.png 144096 (job gone)
2026-09-14T19:46:10.572Z deleting proof-photos/d4e482f7…/after-1788574783728-x86qvmaoz6o.png 74 (job gone)
2026-09-14T19:46:11.155Z deleted proof-photos/d4e482f7…/after-1788574783728-x86qvmaoz6o.png 74
2026-09-14T19:46:12.990Z deleting proof-photos/d4e482f7…/before-1788574770056-x21osnhcia.png 74 (job gone)
2026-09-14T19:46:13.506Z deleted proof-photos/d4e482f7…/before-1788574770056-x21osnhcia.png 74
2026-09-14T19:46:14.803Z deleting proof-photos/8133a907…/after-1788743309797-rx2851x1lzs.jpg 6185 (job gone)
2026-09-14T19:46:15.277Z deleted proof-photos/8133a907…/after-1788743309797-rx2851x1lzs.jpg 6185
2026-09-14T19:46:16.633Z deleting proof-photos/8133a907…/before-1788743234028-5jkk428a9o.jpg 6407 (job gone)
2026-09-14T19:46:17.496Z deleted proof-photos/8133a907…/before-1788743234028-5jkk428a9o.jpg 6407
2026-09-14T19:46:18.808Z deleting proof-photos/15909d9e…/after-1788546903130-mvwr0dk9ir.png 295858 (job gone)
2026-09-14T19:46:19.296Z deleted proof-photos/15909d9e…/after-1788546903130-mvwr0dk9ir.png 295858
2026-09-14T19:46:20.637Z deleting proof-photos/15909d9e…/before-1788546864309-fg24e1ekbom.png 295858 (job gone)
2026-09-14T19:46:21.124Z deleted proof-photos/15909d9e…/before-1788546864309-fg24e1ekbom.png 295858
2026-09-14T19:46:22.920Z deleting application-attachments/76b07824…/a5eed000…/1787169573274-y83i4hi2nyg.png 1792321 (job gone)
2026-09-14T19:46:23.411Z deleted application-attachments/76b07824…/a5eed000…/1787169573274-y83i4hi2nyg.png 1792321
2026-09-14T19:46:25.519Z deleting application-attachments/76b07824…/a5eed000…/1787169581669-wj9ep4k8xsf.png 1792321 (job gone)
2026-09-14T19:46:25.995Z deleted application-attachments/76b07824…/a5eed000…/1787169581669-wj9ep4k8xsf.png 1792321
2026-09-14T19:46:27.296Z deleting avatars/f53663b1…/avatar.png 79 (user gone)
2026-09-14T19:46:27.772Z deleted avatars/f53663b1…/avatar.png 79
2026-09-14T19:46:29.439Z deleting avatars/e977a30f…/avatar.jpeg 4127524 (user gone)
2026-09-14T19:46:29.915Z deleted avatars/e977a30f…/avatar.jpeg 4127524
2026-09-14T19:46:31.720Z deleting avatars/b2df11f0…/avatar.jpg 957 (user gone)
2026-09-14T19:46:32.201Z deleted avatars/b2df11f0…/avatar.jpg 957
2026-09-14T19:46:33.711Z deleting avatars/b0f6ebec…/avatar.png 7347 (user gone)
2026-09-14T19:46:34.232Z deleted avatars/b0f6ebec…/avatar.png 7347
2026-09-14T19:46:35.568Z deleting avatars/a8ea16e3…/avatar.png 70 (user gone)
2026-09-14T19:46:36.097Z deleted avatars/a8ea16e3…/avatar.png 70
2026-09-14T19:46:37.556Z deleting avatars/9e364ba6…/avatar.png 1060 (user gone)
2026-09-14T19:46:38.058Z deleted avatars/9e364ba6…/avatar.png 1060
2026-09-14T19:46:39.590Z deleting avatars/89794bd2…/avatar.png 252053 (user gone)
2026-09-14T19:46:40.069Z deleted avatars/89794bd2…/avatar.png 252053
2026-09-14T19:46:41.384Z deleting avatars/6b472670…/avatar.png 11521 (user gone)
2026-09-14T19:46:41.862Z deleted avatars/6b472670…/avatar.png 11521
2026-09-14T19:46:43.715Z deleting avatars/600f3717…/avatar.png 720 (user gone)
2026-09-14T19:46:44.178Z deleted avatars/600f3717…/avatar.png 720
2026-09-14T19:46:45.505Z deleting avatars/59fd453f…/avatar.png 1995 (user gone)
2026-09-14T19:46:46.030Z deleted avatars/59fd453f…/avatar.png 1995
2026-09-14T19:46:47.352Z deleting avatars/2b5b6760…/avatar.png 660520 (user gone)
2026-09-14T19:46:47.833Z deleted avatars/2b5b6760…/avatar.png 660520
2026-09-14T19:46:49.146Z deleting avatars/22222222…/avatar.png 720 (user gone)
2026-09-14T19:46:49.615Z deleted avatars/22222222…/avatar.png 720
2026-09-14T19:46:50.926Z deleting avatars/0a74b7c7…/avatar.png 660520 (user gone)
2026-09-14T19:46:51.439Z deleted avatars/0a74b7c7…/avatar.png 660520
2026-09-14T19:46:52.779Z deleting avatars/00b316d7…/avatar.png 186649 (user gone)
2026-09-14T19:46:53.284Z deleted avatars/00b316d7…/avatar.png 186649
2026-09-14T19:46:54.807Z deleting user-documents/b0f6ebec…/credentials/license-1787616796656.png 5471 (user gone)
2026-09-14T19:46:55.309Z deleted user-documents/b0f6ebec…/credentials/license-1787616796656.png 5471
2026-09-14T19:46:56.627Z deleting user-documents/6bdc1f67…/credentials/insurance-1787664431426.pdf 193 (user gone)
2026-09-14T19:46:57.128Z deleted user-documents/6bdc1f67…/credentials/insurance-1787664431426.pdf 193
2026-09-14T19:46:58.469Z deleting user-documents/6bdc1f67…/credentials/license-1787664410301.pdf 193 (user gone)
2026-09-14T19:46:58.961Z deleted user-documents/6bdc1f67…/credentials/license-1787664410301.pdf 193
2026-09-14T19:47:01.316Z deleting message-attachments/a22c2df1…/71c56dfb…/3e30e9e2…-attachment.png 88 (unreferenced)
2026-09-14T19:47:01.859Z deleted message-attachments/a22c2df1…/71c56dfb…/3e30e9e2…-attachment.png 88
2026-09-14T19:47:04.165Z deleting message-attachments/a1f7c4c9…/96c9899e…/22bb651d…-upload.png 144096 (job gone)
2026-09-14T19:47:04.659Z deleted message-attachments/a1f7c4c9…/96c9899e…/22bb651d…-upload.png 144096
2026-09-14T19:47:06.915Z deleting message-attachments/a1f7c4c9…/96c9899e…/2fd3b34e…-upload.png 144096 (job gone)
2026-09-14T19:47:07.421Z deleted message-attachments/a1f7c4c9…/96c9899e…/2fd3b34e…-upload.png 144096
2026-09-14T19:47:09.606Z deleting message-attachments/a1f7c4c9…/96c9899e…/a152d29b…-upload.png 144096 (job gone)
2026-09-14T19:47:10.092Z deleted message-attachments/a1f7c4c9…/96c9899e…/a152d29b…-upload.png 144096
2026-09-14T19:47:12.236Z deleting message-attachments/a1f7c4c9…/96c9899e…/da75d016…-upload.png 144096 (job gone)
2026-09-14T19:47:12.736Z deleted message-attachments/a1f7c4c9…/96c9899e…/da75d016…-upload.png 144096
2026-09-14T19:47:14.899Z deleting message-attachments/a1f7c4c9…/96c9899e…/f187dda5…-upload.png 144096 (job gone)
2026-09-14T19:47:15.382Z deleted message-attachments/a1f7c4c9…/96c9899e…/f187dda5…-upload.png 144096
2026-09-14T19:47:15.383Z storage orphan sweep: 31 files, 10.3 MB removed
